======================= 1 failed, 18 warnings in 9.94s ========================
